LIBSSC_0.4.0 {
	global:
		ssc_sensor_accelerometer_new;
		ssc_sensor_accelerometer_new_finish;
		ssc_sensor_accelerometer_new_sync;
		ssc_sensor_accelerometer_open;
		ssc_sensor_accelerometer_open_finish;
		ssc_sensor_accelerometer_open_sync;
		ssc_sensor_accelerometer_close;
		ssc_sensor_accelerometer_close_finish;
		ssc_sensor_accelerometer_close_sync;
		ssc_sensor_compass_new;
		ssc_sensor_compass_new_finish;
		ssc_sensor_compass_new_sync;
		ssc_sensor_compass_open;
		ssc_sensor_compass_open_finish;
		ssc_sensor_compass_open_sync;
		ssc_sensor_compass_close;
		ssc_sensor_compass_close_finish;
		ssc_sensor_compass_close_sync;
		ssc_sensor_gyroscope_new;
		ssc_sensor_gyroscope_new_finish;
		ssc_sensor_gyroscope_new_sync;
		ssc_sensor_gyroscope_open;
		ssc_sensor_gyroscope_open_finish;
		ssc_sensor_gyroscope_open_sync;
		ssc_sensor_gyroscope_close;
		ssc_sensor_gyroscope_close_finish;
		ssc_sensor_gyroscope_close_sync;
		ssc_sensor_light_new;
		ssc_sensor_light_new_finish;
		ssc_sensor_light_new_sync;
		ssc_sensor_light_open;
		ssc_sensor_light_open_finish;
		ssc_sensor_light_open_sync;
		ssc_sensor_light_close;
		ssc_sensor_light_close_finish;
		ssc_sensor_light_close_sync;
		ssc_sensor_magnetometer_new;
		ssc_sensor_magnetometer_new_finish;
		ssc_sensor_magnetometer_new_sync;
		ssc_sensor_magnetometer_open;
		ssc_sensor_magnetometer_open_finish;
		ssc_sensor_magnetometer_open_sync;
		ssc_sensor_magnetometer_close;
		ssc_sensor_magnetometer_close_finish;
		ssc_sensor_magnetometer_close_sync;
		ssc_sensor_proximity_new;
		ssc_sensor_proximity_new_finish;
		ssc_sensor_proximity_new_sync;
		ssc_sensor_proximity_open;
		ssc_sensor_proximity_open_finish;
		ssc_sensor_proximity_open_sync;
		ssc_sensor_proximity_close;
		ssc_sensor_proximity_close_finish;
		ssc_sensor_proximity_close_sync;
		ssc_sensor_new;
		ssc_sensor_new_finish;
		ssc_sensor_new_sync;
		ssc_sensor_open;
		ssc_sensor_open_finish;
		ssc_sensor_open_sync;
		ssc_sensor_close;
		ssc_sensor_close_finish;
		ssc_sensor_close_sync;
		ssc_sensor_get_type;
		ssc_sensor_accelerometer_get_type;
		ssc_sensor_compass_get_type;
		ssc_sensor_gyroscope_get_type;
		ssc_sensor_light_get_type;
		ssc_sensor_magnetometer_get_type;
		ssc_sensor_proximity_get_type;
		ssc_sensor_error_quark;
	local:
		*;
};
